-- Automatically generated by SQLQueryTestSuite
-- Number of queries: 24


-- !query 0
create temporary view t as select * from values 0, 1, 2 as t(id)
-- !query 0 schema
struct<>
-- !query 0 output



-- !query 1
create temporary view t2 as select * from values 0, 1 as t(id)
-- !query 1 schema
struct<>
-- !query 1 output



-- !query 2
WITH s AS (SELECT 1 FROM s) SELECT * FROM s
-- !query 2 schema
struct<>
-- !query 2 output
org.apache.spark.sql.AnalysisException
Table or view not found: s; line 1 pos 25


-- !query 3
WITH t AS (SELECT 1 FROM t) SELECT * FROM t
-- !query 3 schema
struct<1:int>
-- !query 3 output
1
1
1


-- !query 4
WITH s1 AS (SELECT 1 FROM s2), s2 AS (SELECT 1 FROM s1) SELECT * FROM s1, s2
-- !query 4 schema
struct<>
-- !query 4 output
org.apache.spark.sql.AnalysisException
Table or view not found: s2; line 1 pos 26


-- !query 5
WITH t1 AS (SELECT * FROM t2), t2 AS (SELECT 2 FROM t1) SELECT * FROM t1 cross join t2
-- !query 5 schema
struct<id:int,2:int>
-- !query 5 output
0	2
0	2
1	2
1	2


-- !query 6
WITH CTE1 AS (
  SELECT b.id AS id
  FROM   T2 a
         CROSS JOIN (SELECT id AS id FROM T2) b
)
SELECT t1.id AS c1,
       t2.id AS c2
FROM   CTE1 t1
       CROSS JOIN CTE1 t2
-- !query 6 schema
struct<c1:int,c2:int>
-- !query 6 output
0	0
0	0
0	0
0	0
0	1
0	1
0	1
0	1
1	0
1	0
1	0
1	0
1	1
1	1
1	1
1	1


-- !query 7
WITH t(x) AS (SELECT 1)
SELECT * FROM t WHERE x = 1
-- !query 7 schema
struct<x:int>
-- !query 7 output
1


-- !query 8
WITH t as (
  WITH t2 AS (SELECT 1)
  SELECT * FROM t2
)
SELECT * FROM t
-- !query 8 schema
struct<1:int>
-- !query 8 output
1


-- !query 9
SELECT max(c) FROM (
  WITH t(c) AS (SELECT 1)
  SELECT * FROM t
)
-- !query 9 schema
struct<max(c):int>
-- !query 9 output
1


-- !query 10
SELECT (
  WITH t AS (SELECT 1)
  SELECT * FROM t
)
-- !query 10 schema
struct<scalarsubquery():int>
-- !query 10 output
1


-- !query 11
WITH
  t AS (SELECT 1),
  t2 AS (
    WITH t AS (SELECT 2)
    SELECT * FROM t
  )
SELECT * FROM t2
-- !query 11 schema
struct<1:int>
-- !query 11 output
1


-- !query 12
WITH
  t(c) AS (SELECT 1),
  t2 AS (
    SELECT (
      SELECT max(c) FROM (
        WITH t(c) AS (SELECT 2)
        SELECT * FROM t
      )
    )
  )
SELECT * FROM t2
-- !query 12 schema
struct<scalarsubquery():int>
-- !query 12 output
1


-- !query 13
WITH
  t AS (SELECT 1),
  t2 AS (
    WITH t AS (SELECT 2),
    t2 AS (
      WITH t AS (SELECT 3)
      SELECT * FROM t
    )
    SELECT * FROM t2
  )
SELECT * FROM t2
-- !query 13 schema
struct<2:int>
-- !query 13 output
2


-- !query 14
WITH t(c) AS (SELECT 1)
SELECT max(c) FROM (
  WITH t(c) AS (SELECT 2)
  SELECT * FROM t
)
-- !query 14 schema
struct<max(c):int>
-- !query 14 output
2


-- !query 15
WITH t(c) AS (SELECT 1)
SELECT sum(c) FROM (
  SELECT max(c) AS c FROM (
    WITH t(c) AS (SELECT 2)
    SELECT * FROM t
  )
)
-- !query 15 schema
struct<sum(c):bigint>
-- !query 15 output
2


-- !query 16
WITH t(c) AS (SELECT 1)
SELECT sum(c) FROM (
  WITH t(c) AS (SELECT 2)
  SELECT max(c) AS c FROM (
    WITH t(c) AS (SELECT 3)
    SELECT * FROM t
  )
)
-- !query 16 schema
struct<sum(c):bigint>
-- !query 16 output
3


-- !query 17
WITH t AS (SELECT 1)
SELECT (
  WITH t AS (SELECT 2)
  SELECT * FROM t
)
-- !query 17 schema
struct<scalarsubquery():int>
-- !query 17 output
1


-- !query 18
WITH t AS (SELECT 1)
SELECT (
  SELECT (
    WITH t AS (SELECT 2)
    SELECT * FROM t
  )
)
-- !query 18 schema
struct<scalarsubquery():int>
-- !query 18 output
1


-- !query 19
WITH t AS (SELECT 1)
SELECT (
  WITH t AS (SELECT 2)
  SELECT (
    WITH t AS (SELECT 3)
    SELECT * FROM t
  )
)
-- !query 19 schema
struct<scalarsubquery():int>
-- !query 19 output
1


-- !query 20
WITH r AS (SELECT * FROM r)
SELECT * FROM r
-- !query 20 schema
struct<>
-- !query 20 output
org.apache.spark.sql.AnalysisException
Table or view not found: r; line 1 pos 25


-- !query 21
WITH r AS (SELECT (SELECT * FROM r))
SELECT * FROM r
-- !query 21 schema
struct<>
-- !query 21 output
org.apache.spark.sql.AnalysisException
Table or view not found: r; line 1 pos 33


-- !query 22
DROP VIEW IF EXISTS t
-- !query 22 schema
struct<>
-- !query 22 output



-- !query 23
DROP VIEW IF EXISTS t2
-- !query 23 schema
struct<>
-- !query 23 output

